apiVersion: cert-manager.io/v1
kind: Certificate
metadata:
  name: serving-cert
spec:
  dnsNames:
  - patch-operator-webhook-service.syn-patch-operator.svc
  - patch-operator-webhook-service.syn-patch-operator.svc.cluster.local
  issuerRef:
    kind: Issuer
    name: selfsigned-issuer
  secretName: webhook-server-cert
---
apiVersion: cert-manager.io/v1
kind: Certificate
metadata:
  name: metrics-serving-cert
spec:
  dnsNames:
  - patch-operator-controller-manager-metrics-service.syn-patch-operator.svc
  - patch-operator-controller-manager-metrics-service.syn-patch-operator.svc.cluster.local
  issuerRef:
    kind: Issuer
    name: selfsigned-issuer
  secretName: patch-operator-certs
---
apiVersion: cert-manager.io/v1
kind: Issuer
metadata:
  name: selfsigned-issuer
spec:
  selfSigned: {}
